running egg_info
creating ../build/uav_control/uav_control.egg-info
writing ../build/uav_control/uav_control.egg-info/PKG-INFO
writing dependency_links to ../build/uav_control/uav_control.egg-info/dependency_links.txt
writing requirements to ../build/uav_control/uav_control.egg-info/requires.txt
writing top-level names to ../build/uav_control/uav_control.egg-info/top_level.txt
writing manifest file '../build/uav_control/uav_control.egg-info/SOURCES.txt'
reading manifest file '../build/uav_control/uav_control.egg-info/SOURCES.txt'
writing manifest file '../build/uav_control/uav_control.egg-info/SOURCES.txt'
running build
running build_py
creating /home/andrey/sh-uav-platform/src/build/uav_control/build/lib/uav_control
copying uav_control/__init__.py -> /home/andrey/sh-uav-platform/src/build/uav_control/build/lib/uav_control
running install
running install_lib
creating /home/andrey/sh-uav-platform/src/install/uav_control/lib/python3.10/site-packages/uav_control
copying /home/andrey/sh-uav-platform/src/build/uav_control/build/lib/uav_control/__init__.py -> /home/andrey/sh-uav-platform/src/install/uav_control/lib/python3.10/site-packages/uav_control
byte-compiling /home/andrey/sh-uav-platform/src/install/uav_control/lib/python3.10/site-packages/uav_control/__init__.py to __init__.cpython-310.pyc
running install_data
creating /home/andrey/sh-uav-platform/src/install/uav_control/share/ament_index/resource_index/packages
copying resource/uav_control -> /home/andrey/sh-uav-platform/src/install/uav_control/share/ament_index/resource_index/packages
copying package.xml -> /home/andrey/sh-uav-platform/src/install/uav_control/share/uav_control
running install_egg_info
Copying ../build/uav_control/uav_control.egg-info to /home/andrey/sh-uav-platform/src/install/uav_control/lib/python3.10/site-packages/uav_control-0.0.0-py3.10.egg-info
running install_scripts
writing list of installed files to '/home/andrey/sh-uav-platform/src/build/uav_control/install.log'
