[0.255s] DEBUG:colcon:Command line arguments: ['/usr/bin/colcon', 'build', '--packages-select', 'uav_control']
[0.256s] DEBUG:colcon:Parsed command line arguments: Namespace(log_base=None, log_level=None, verb_name='build', build_base='build', install_base='install', merge_install=False, symlink_install=False, test_result_base=None, continue_on_error=False, executor='parallel', parallel_workers=8, event_handlers=None, ignore_user_meta=False, metas=['./colcon.meta'], base_paths=['.'], packages_ignore=None, packages_ignore_regex=None, paths=None, packages_up_to=None, packages_up_to_regex=None, packages_above=None, packages_above_and_dependencies=None, packages_above_depth=None, packages_select_by_dep=None, packages_skip_by_dep=None, packages_skip_up_to=None, packages_select_build_failed=False, packages_skip_build_finished=False, packages_select_test_failures=False, packages_skip_test_passed=False, packages_select=['uav_control'], packages_skip=None, packages_select_regex=None, packages_skip_regex=None, packages_start=None, packages_end=None, allow_overriding=[], cmake_args=None, cmake_target=None, cmake_target_skip_unavailable=False, cmake_clean_cache=False, cmake_clean_first=False, cmake_force_configure=False, ament_cmake_args=None, catkin_cmake_args=None, catkin_skip_building_tests=False, mixin_files=None, mixin=None, verb_parser=<colcon_mixin.mixin.mixin_argument.MixinArgumentDecorator object at 0x710284a52d40>, verb_extension=<colcon_core.verb.build.BuildVerb object at 0x710284a52890>, main=<bound method BuildVerb.main of <colcon_core.verb.build.BuildVerb object at 0x710284a52890>>, mixin_verb=('build',))
[0.352s] Level 1:colcon.colcon_core.package_discovery:discover_packages(colcon_meta) check parameters
[0.353s] Level 1:colcon.colcon_core.package_discovery:discover_packages(recursive) check parameters
[0.353s] Level 1:colcon.colcon_core.package_discovery:discover_packages(ignore) check parameters
[0.353s] Level 1:colcon.colcon_core.package_discovery:discover_packages(path) check parameters
[0.353s] Level 1:colcon.colcon_core.package_discovery:discover_packages(colcon_meta) discover
[0.353s] Level 1:colcon.colcon_core.package_discovery:discover_packages(recursive) discover
[0.353s] INFO:colcon.colcon_core.package_discovery:Crawling recursively for packages in '/home/andrey/sh-uav-platform/src'
[0.353s] Level 1:colcon.colcon_core.package_identification:_identify(.) by extensions ['ignore', 'ignore_ament_install']
[0.353s] Level 1:colcon.colcon_core.package_identification:_identify(.) by extension 'ignore'
[0.353s] Level 1:colcon.colcon_core.package_identification:_identify(.) by extension 'ignore_ament_install'
[0.353s] Level 1:colcon.colcon_core.package_identification:_identify(.) by extensions ['colcon_pkg']
[0.353s] Level 1:colcon.colcon_core.package_identification:_identify(.) by extension 'colcon_pkg'
[0.353s] Level 1:colcon.colcon_core.package_identification:_identify(.) by extensions ['colcon_meta']
[0.353s] Level 1:colcon.colcon_core.package_identification:_identify(.) by extension 'colcon_meta'
[0.353s] Level 1:colcon.colcon_core.package_identification:_identify(.) by extensions ['ros']
[0.353s] Level 1:colcon.colcon_core.package_identification:_identify(.) by extension 'ros'
[0.367s] Level 1:colcon.colcon_core.package_identification:_identify(.) by extensions ['cmake', 'python']
[0.367s] Level 1:colcon.colcon_core.package_identification:_identify(.) by extension 'cmake'
[0.367s] Level 1:colcon.colcon_core.package_identification:_identify(.) by extension 'python'
[0.367s] Level 1:colcon.colcon_core.package_identification:_identify(.) by extensions ['python_setup_py']
[0.368s] Level 1:colcon.colcon_core.package_identification:_identify(.) by extension 'python_setup_py'
[0.368s] Level 1:colcon.colcon_core.package_identification:_identify(build) by extensions ['ignore', 'ignore_ament_install']
[0.368s] Level 1:colcon.colcon_core.package_identification:_identify(build) by extension 'ignore'
[0.368s] Level 1:colcon.colcon_core.package_identification:_identify(build) ignored
[0.368s] Level 1:colcon.colcon_core.package_identification:_identify(install) by extensions ['ignore', 'ignore_ament_install']
[0.368s] Level 1:colcon.colcon_core.package_identification:_identify(install) by extension 'ignore'
[0.368s] Level 1:colcon.colcon_core.package_identification:_identify(install) ignored
[0.368s] Level 1:colcon.colcon_core.package_identification:_identify(log) by extensions ['ignore', 'ignore_ament_install']
[0.368s] Level 1:colcon.colcon_core.package_identification:_identify(log) by extension 'ignore'
[0.368s] Level 1:colcon.colcon_core.package_identification:_identify(log) ignored
[0.368s] Level 1:colcon.colcon_core.package_identification:_identify(uav_control) by extensions ['ignore', 'ignore_ament_install']
[0.368s] Level 1:colcon.colcon_core.package_identification:_identify(uav_control) by extension 'ignore'
[0.368s] Level 1:colcon.colcon_core.package_identification:_identify(uav_control) by extension 'ignore_ament_install'
[0.368s] Level 1:colcon.colcon_core.package_identification:_identify(uav_control) by extensions ['colcon_pkg']
[0.368s] Level 1:colcon.colcon_core.package_identification:_identify(uav_control) by extension 'colcon_pkg'
[0.368s] Level 1:colcon.colcon_core.package_identification:_identify(uav_control) by extensions ['colcon_meta']
[0.369s] Level 1:colcon.colcon_core.package_identification:_identify(uav_control) by extension 'colcon_meta'
[0.369s] Level 1:colcon.colcon_core.package_identification:_identify(uav_control) by extensions ['ros']
[0.369s] Level 1:colcon.colcon_core.package_identification:_identify(uav_control) by extension 'ros'
[0.372s] DEBUG:colcon.colcon_core.package_identification:Package 'uav_control' with type 'ros.ament_python' and name 'uav_control'
[0.372s] Level 1:colcon.colcon_core.package_discovery:discover_packages(recursive) using defaults
[0.372s] Level 1:colcon.colcon_core.package_discovery:discover_packages(ignore) discover
[0.372s] Level 1:colcon.colcon_core.package_discovery:discover_packages(ignore) using defaults
[0.372s] Level 1:colcon.colcon_core.package_discovery:discover_packages(path) discover
[0.372s] Level 1:colcon.colcon_core.package_discovery:discover_packages(path) using defaults
[0.398s] Level 1:colcon.colcon_core.package_discovery:discover_packages(prefix_path) check parameters
[0.398s] Level 1:colcon.colcon_core.package_discovery:discover_packages(prefix_path) discover
[0.402s] DEBUG:colcon.colcon_installed_package_information.package_discovery:Found 285 installed packages in /opt/ros/humble
[0.403s] Level 1:colcon.colcon_core.package_discovery:discover_packages(prefix_path) using defaults
[0.439s] Level 5:colcon.colcon_core.verb:set package 'uav_control' build argument 'cmake_args' from command line to 'None'
[0.439s] Level 5:colcon.colcon_core.verb:set package 'uav_control' build argument 'cmake_target' from command line to 'None'
[0.439s] Level 5:colcon.colcon_core.verb:set package 'uav_control' build argument 'cmake_target_skip_unavailable' from command line to 'False'
[0.439s] Level 5:colcon.colcon_core.verb:set package 'uav_control' build argument 'cmake_clean_cache' from command line to 'False'
[0.439s] Level 5:colcon.colcon_core.verb:set package 'uav_control' build argument 'cmake_clean_first' from command line to 'False'
[0.439s] Level 5:colcon.colcon_core.verb:set package 'uav_control' build argument 'cmake_force_configure' from command line to 'False'
[0.439s] Level 5:colcon.colcon_core.verb:set package 'uav_control' build argument 'ament_cmake_args' from command line to 'None'
[0.439s] Level 5:colcon.colcon_core.verb:set package 'uav_control' build argument 'catkin_cmake_args' from command line to 'None'
[0.439s] Level 5:colcon.colcon_core.verb:set package 'uav_control' build argument 'catkin_skip_building_tests' from command line to 'False'
[0.439s] DEBUG:colcon.colcon_core.verb:Building package 'uav_control' with the following arguments: {'ament_cmake_args': None, 'build_base': '/home/andrey/sh-uav-platform/src/build/uav_control', 'catkin_cmake_args': None, 'catkin_skip_building_tests': False, 'cmake_args': None, 'cmake_clean_cache': False, 'cmake_clean_first': False, 'cmake_force_configure': False, 'cmake_target': None, 'cmake_target_skip_unavailable': False, 'install_base': '/home/andrey/sh-uav-platform/src/install/uav_control', 'merge_install': False, 'path': '/home/andrey/sh-uav-platform/src/uav_control', 'symlink_install': False, 'test_result_base': None}
[0.439s] INFO:colcon.colcon_core.executor:Executing jobs using 'parallel' executor
[0.440s] DEBUG:colcon.colcon_parallel_executor.executor.parallel:run_until_complete
[0.441s] INFO:colcon.colcon_ros.task.ament_python.build:Building ROS package in '/home/andrey/sh-uav-platform/src/uav_control' with build type 'ament_python'
[0.441s] Level 1:colcon.colcon_core.shell:create_environment_hook('uav_control', 'ament_prefix_path')
[0.448s] INFO:colcon.colcon_core.plugin_system:Skipping extension 'colcon_core.shell.bat': Not used on non-Windows systems
[0.448s] INFO:colcon.colcon_core.shell:Creating environment hook '/home/andrey/sh-uav-platform/src/install/uav_control/share/uav_control/hook/ament_prefix_path.ps1'
[0.451s] INFO:colcon.colcon_core.shell:Creating environment descriptor '/home/andrey/sh-uav-platform/src/install/uav_control/share/uav_control/hook/ament_prefix_path.dsv'
[0.451s] INFO:colcon.colcon_core.shell:Creating environment hook '/home/andrey/sh-uav-platform/src/install/uav_control/share/uav_control/hook/ament_prefix_path.sh'
[0.452s] INFO:colcon.colcon_core.shell:Skip shell extension 'powershell' for command environment: Not usable outside of PowerShell
[0.452s] DEBUG:colcon.colcon_core.shell:Skip shell extension 'dsv' for command environment
[0.657s] INFO:colcon.colcon_core.task.python.build:Building Python package in '/home/andrey/sh-uav-platform/src/uav_control'
[0.658s] INFO:colcon.colcon_core.shell:Skip shell extension 'powershell' for command environment: Not usable outside of PowerShell
[0.658s] DEBUG:colcon.colcon_core.shell:Skip shell extension 'dsv' for command environment
[1.228s] DEBUG:colcon.colcon_core.event_handler.log_command:Invoking command in '/home/andrey/sh-uav-platform/src/uav_control': PYTHONPATH=/home/andrey/sh-uav-platform/src/build/uav_control/prefix_override:/usr/lib/python3/dist-packages/colcon_core/task/python/colcon_distutils_commands:/home/andrey/sh-uav-platform/src/install/uav_control/lib/python3.10/site-packages:${PYTHONPATH} /usr/bin/python3 -W ignore:setup.py install is deprecated -W ignore:easy_install command is deprecated setup.py egg_info --egg-base ../build/uav_control build --build-base /home/andrey/sh-uav-platform/src/build/uav_control/build install --record /home/andrey/sh-uav-platform/src/build/uav_control/install.log --single-version-externally-managed install_data
[1.619s] DEBUG:colcon.colcon_core.event_handler.log_command:Invoked command in '/home/andrey/sh-uav-platform/src/uav_control' returned '0': PYTHONPATH=/home/andrey/sh-uav-platform/src/build/uav_control/prefix_override:/usr/lib/python3/dist-packages/colcon_core/task/python/colcon_distutils_commands:/home/andrey/sh-uav-platform/src/install/uav_control/lib/python3.10/site-packages:${PYTHONPATH} /usr/bin/python3 -W ignore:setup.py install is deprecated -W ignore:easy_install command is deprecated setup.py egg_info --egg-base ../build/uav_control build --build-base /home/andrey/sh-uav-platform/src/build/uav_control/build install --record /home/andrey/sh-uav-platform/src/build/uav_control/install.log --single-version-externally-managed install_data
[1.635s] Level 1:colcon.colcon_core.environment:checking '/home/andrey/sh-uav-platform/src/install/uav_control' for CMake module files
[1.635s] Level 1:colcon.colcon_core.environment:checking '/home/andrey/sh-uav-platform/src/install/uav_control' for CMake config files
[1.636s] Level 1:colcon.colcon_core.environment:checking '/home/andrey/sh-uav-platform/src/install/uav_control/lib'
[1.636s] Level 1:colcon.colcon_core.environment:checking '/home/andrey/sh-uav-platform/src/install/uav_control/bin'
[1.636s] Level 1:colcon.colcon_core.environment:checking '/home/andrey/sh-uav-platform/src/install/uav_control/lib/pkgconfig/uav_control.pc'
[1.636s] Level 1:colcon.colcon_core.environment:checking '/home/andrey/sh-uav-platform/src/install/uav_control/lib/python3.10/site-packages'
[1.636s] Level 1:colcon.colcon_core.shell:create_environment_hook('uav_control', 'pythonpath')
[1.636s] INFO:colcon.colcon_core.shell:Creating environment hook '/home/andrey/sh-uav-platform/src/install/uav_control/share/uav_control/hook/pythonpath.ps1'
[1.637s] INFO:colcon.colcon_core.shell:Creating environment descriptor '/home/andrey/sh-uav-platform/src/install/uav_control/share/uav_control/hook/pythonpath.dsv'
[1.637s] INFO:colcon.colcon_core.shell:Creating environment hook '/home/andrey/sh-uav-platform/src/install/uav_control/share/uav_control/hook/pythonpath.sh'
[1.637s] Level 1:colcon.colcon_core.environment:checking '/home/andrey/sh-uav-platform/src/install/uav_control/bin'
[1.637s] Level 1:colcon.colcon_core.environment:create_environment_scripts_only(uav_control)
[1.638s] INFO:colcon.colcon_core.shell:Creating package script '/home/andrey/sh-uav-platform/src/install/uav_control/share/uav_control/package.ps1'
[1.639s] INFO:colcon.colcon_core.shell:Creating package descriptor '/home/andrey/sh-uav-platform/src/install/uav_control/share/uav_control/package.dsv'
[1.639s] INFO:colcon.colcon_core.shell:Creating package script '/home/andrey/sh-uav-platform/src/install/uav_control/share/uav_control/package.sh'
[1.641s] INFO:colcon.colcon_core.shell:Creating package script '/home/andrey/sh-uav-platform/src/install/uav_control/share/uav_control/package.bash'
[1.643s] INFO:colcon.colcon_core.shell:Creating package script '/home/andrey/sh-uav-platform/src/install/uav_control/share/uav_control/package.zsh'
[1.644s] Level 1:colcon.colcon_core.environment:create_file_with_runtime_dependencies(/home/andrey/sh-uav-platform/src/install/uav_control/share/colcon-core/packages/uav_control)
[1.645s] DEBUG:colcon.colcon_parallel_executor.executor.parallel:closing loop
[1.646s] DEBUG:colcon.colcon_parallel_executor.executor.parallel:loop closed
[1.646s] DEBUG:colcon.colcon_parallel_executor.executor.parallel:run_until_complete finished with '0'
[1.646s] DEBUG:colcon.colcon_core.event_reactor:joining thread
[1.669s] INFO:colcon.colcon_core.plugin_system:Skipping extension 'colcon_notification.desktop_notification.notify_send': Could not find 'notify-send'
[1.670s] INFO:colcon.colcon_core.plugin_system:Skipping extension 'colcon_notification.desktop_notification.terminal_notifier': Not used on non-Darwin systems
[1.670s] INFO:colcon.colcon_core.plugin_system:Skipping extension 'colcon_notification.desktop_notification.win32': Not used on non-Windows systems
[1.670s] INFO:colcon.colcon_notification.desktop_notification:Sending desktop notification using 'notify2'
[1.670s] DEBUG:colcon.colcon_notification.desktop_notification.notify2:Failed to initialize notify2: org.freedesktop.DBus.Error.FileNotFound: Failed to connect to socket /run/user/1000/bus: No such file or directory
[1.670s] DEBUG:colcon.colcon_core.event_reactor:joined thread
[1.670s] INFO:colcon.colcon_core.shell:Creating prefix script '/home/andrey/sh-uav-platform/src/install/local_setup.ps1'
[1.671s] INFO:colcon.colcon_core.shell:Creating prefix util module '/home/andrey/sh-uav-platform/src/install/_local_setup_util_ps1.py'
[1.673s] INFO:colcon.colcon_core.shell:Creating prefix chain script '/home/andrey/sh-uav-platform/src/install/setup.ps1'
[1.674s] INFO:colcon.colcon_core.shell:Creating prefix script '/home/andrey/sh-uav-platform/src/install/local_setup.sh'
[1.675s] INFO:colcon.colcon_core.shell:Creating prefix util module '/home/andrey/sh-uav-platform/src/install/_local_setup_util_sh.py'
[1.675s] INFO:colcon.colcon_core.shell:Creating prefix chain script '/home/andrey/sh-uav-platform/src/install/setup.sh'
[1.676s] INFO:colcon.colcon_core.shell:Creating prefix script '/home/andrey/sh-uav-platform/src/install/local_setup.bash'
[1.677s] INFO:colcon.colcon_core.shell:Creating prefix chain script '/home/andrey/sh-uav-platform/src/install/setup.bash'
[1.678s] INFO:colcon.colcon_core.shell:Creating prefix script '/home/andrey/sh-uav-platform/src/install/local_setup.zsh'
[1.679s] INFO:colcon.colcon_core.shell:Creating prefix chain script '/home/andrey/sh-uav-platform/src/install/setup.zsh'
